// Vitest Snapshot v1, https://vitest.dev/guide/snapshot.html

exports[`ShareableCardExport > renders a player card export with the TSW watermark 1`] = `
<div
  aria-hidden="true"
  style="position: absolute; left: -99999px; top: 0px; width: 1080px; min-height: 1350px; pointer-events: none;"
>
  <div
    style="width: 1080px; height: 1350px; background-color: rgb(8, 11, 9); padding: 36px;"
  >
    <div
      style="position: relative; width: 100%; height: 100%; border-radius: 20px; overflow: hidden; background-color: rgb(18, 33, 26);"
    >
      <div
        style="position: relative; height: 100%; display: flex; flex-direction: column; padding: 0px 66px 56px;"
      >
        <div
          style="margin: 0px -66px 52px;"
        >
          <div
            style="height: 3px; background-color: rgb(255, 217, 138);"
          />
          <div
            style="height: 9px; background-color: rgb(244, 163, 0);"
          />
        </div>
        <div
          style="display: flex; align-items: baseline; justify-content: space-between; gap: 24px;"
        >
          <div
            style="font-family: "IBM Plex Mono", monospace; font-weight: 600; font-size: 23px; letter-spacing: 0.3em; text-transform: uppercase; color: rgb(244, 163, 0);"
          >
            Season averages
          </div>
          <div
            style="font-family: "IBM Plex Mono", monospace; font-weight: 500; font-size: 23px; letter-spacing: 0.14em; text-transform: uppercase; color: rgb(199, 162, 118); white-space: nowrap;"
          >
            No. 23
          </div>
        </div>
        <div
          style="height: 1px; margin-top: 26px; background-color: rgba(244, 163, 0, 0.2);"
        />
        <div
          style="display: flex; align-items: center; gap: 44px; margin-top: 54px;"
        >
          <div
            style="position: relative; width: 256px; height: 256px; flex: 0 0 256px; border-radius: 10px; overflow: hidden; background-color: rgb(25, 48, 38);"
          >
            <div
              style="position: absolute; top: 0px; left: 0px; right: 0px; height: 6px; background-color: rgb(244, 163, 0); z-index: 2;"
            />
            <div
              style="width: 100%; height: 100%; display: flex; align-items: center; justify-content: center; font-family: "Archivo Black", sans-serif; font-size: 92px; color: rgb(18, 33, 26); background-color: rgb(244, 163, 0);"
            >
              JL
            </div>
          </div>
          <div
            style="min-width: 0; flex: 1 1 0%;"
          >
            <div
              style="font-family: "Archivo Black", sans-serif; font-size: 100px; line-height: 0.86; letter-spacing: -0.02em; text-transform: uppercase; color: rgb(247, 245, 240); overflow-wrap: break-word; display: -webkit-box; -webkit-line-clamp: 3; overflow: hidden;"
            >
              Jordan Lee
            </div>
            <div
              style="width: 118px; height: 6px; margin: 28px 0px 22px; background-color: rgb(244, 163, 0);"
            />
            <div
              style="font-family: "IBM Plex Mono", monospace; font-weight: 500; font-size: 25px; letter-spacing: 0.2em; text-transform: uppercase; color: rgb(199, 162, 118);"
            >
              Falcons
            </div>
          </div>
        </div>
        <div
          style="flex: 1 1 0%; min-height: 36px;"
        />
        <div>
          <div
            style="height: 2px; background-color: rgb(255, 217, 138);"
          />
          <div
            style="height: 4px; background-color: rgb(244, 163, 0);"
          />
          <div
            style="display: flex; align-items: center; justify-content: space-between; gap: 32px; height: 220px; border-bottom: 1px solid rgba(244, 163, 0, 0.16);"
          >
            <div
              style="font-family: "IBM Plex Mono", monospace; font-weight: 500; font-size: 25px; letter-spacing: 0.24em; text-transform: uppercase; color: rgb(199, 162, 118);"
            >
              Points per game
            </div>
            <div
              style="font-family: "IBM Plex Mono", monospace; font-weight: 600; font-size: 150px; line-height: 0.8; letter-spacing: -0.04em; font-variant-numeric: tabular-nums; color: rgb(244, 163, 0);"
            >
              18.2
            </div>
          </div>
          <div
            style="display: flex; align-items: center; justify-content: space-between; gap: 32px; height: 220px; border-bottom: 1px solid rgba(244, 163, 0, 0.16);"
          >
            <div
              style="font-family: "IBM Plex Mono", monospace; font-weight: 500; font-size: 25px; letter-spacing: 0.24em; text-transform: uppercase; color: rgb(199, 162, 118);"
            >
              Rebounds per game
            </div>
            <div
              style="font-family: "IBM Plex Mono", monospace; font-weight: 600; font-size: 150px; line-height: 0.8; letter-spacing: -0.04em; font-variant-numeric: tabular-nums; color: rgb(247, 245, 240);"
            >
              6.1
            </div>
          </div>
          <div
            style="display: flex; align-items: center; justify-content: space-between; gap: 32px; height: 220px;"
          >
            <div
              style="font-family: "IBM Plex Mono", monospace; font-weight: 500; font-size: 25px; letter-spacing: 0.24em; text-transform: uppercase; color: rgb(199, 162, 118);"
            >
              Assists per game
            </div>
            <div
              style="font-family: "IBM Plex Mono", monospace; font-weight: 600; font-size: 150px; line-height: 0.8; letter-spacing: -0.04em; font-variant-numeric: tabular-nums; color: rgb(247, 245, 240);"
            >
              4.4
            </div>
          </div>
          <div
            style="height: 2px; background-color: rgb(255, 217, 138);"
          />
          <div
            style="height: 4px; background-color: rgb(244, 163, 0);"
          />
        </div>
        <div
          style="display: flex; align-items: center; gap: 18px; margin-top: 56px;"
        >
          <div
            style="width: 16px; height: 16px; background-color: rgb(244, 163, 0);"
          />
          <div
            style="font-family: "Archivo Black", sans-serif; font-size: 26px; letter-spacing: 0.26em; text-transform: uppercase; color: rgb(247, 245, 240);"
          >
            The Sporty Way
          </div>
        </div>
      </div>
    </div>
  </div>
</div>
`;
